cmd/gc/feature_flags.go: SetFormulaV2Enabled
cmd/gc/feature_flags.go: SetGraphApplyEnabled
internal/api/server.go: IsFormulaV2Enabled
internal/api/server.go: IsGraphApplyEnabled
internal/api/server.go: SetFormulaV2Enabled
internal/api/server.go: SetGraphApplyEnabled
internal/dispatch/ralph.go: IsGraphApplyEnabled
internal/formula/compile.go: IsFormulaV2Enabled
internal/formula/compile.go: SetFormulaV2Enabled
internal/formula/compile.go: formulaV2Enabled
internal/formula/fragment.go: IsFormulaV2Enabled
internal/formula/requirements.go: formulaV2Enabled
internal/formulatest/v2.go: EnableV2ForTest
internal/formulatest/v2.go: HoldV2ForTest
internal/formulatest/v2.go: IsFormulaV2Enabled
internal/formulatest/v2.go: LockV2ForTest
internal/formulatest/v2.go: SetFormulaV2Enabled
internal/formulatest/v2.go: SetV2ForTest
internal/molecule/graph_apply.go: IsGraphApplyEnabled
internal/molecule/graph_apply.go: SetGraphApplyEnabled
internal/molecule/graph_apply.go: graphApplyEnabled
internal/molecule/molecule.go: IsGraphApplyEnabled
