template='rig/control-dispatcher'; { bd list --metadata-field "gc.routed_to=$template" --status=in_progress --no-assignee --json 2>/dev/null | jq -r '.[].id' 2>/dev/null; bd list --metadata-field "gc.run_target=$template" --metadata-field "gc.kind=workflow" --status=in_progress --no-assignee --json 2>/dev/null | jq -r '.[] | select((.metadata["gc.routed_to"] // "") == "") | .id' 2>/dev/null; bd query --json 'ephemeral=true AND status=in_progress' --limit=0 2>/dev/null | jq -r --arg template "$template" '.[] | select((.assignee // "") == "") | select(((.metadata["gc.routed_to"] // "") == $template) or (((.metadata["gc.routed_to"] // "") == "") and ((.metadata["gc.run_target"] // "") == $template) and ((.metadata["gc.kind"] // "") == "workflow"))) | .id' 2>/dev/null; } | awk 'NF && !seen[$0]++' | xargs -rI{} bd update {} --status open 2>/dev/null