{ bd list --assignee=worker --status=in_progress --json 2>/dev/null | jq -r '.[] | [.id, (.metadata["gc.run_target"] // ""), (.metadata["gc.routed_to"] // "")] | @tsv' 2>/dev/null; bd query --json 'ephemeral=true AND status=in_progress' --limit=0 2>/dev/null | jq -r --arg assignee 'worker' '.[] | select((.assignee // "") == $assignee) | [.id, (.metadata["gc.run_target"] // ""), (.metadata["gc.routed_to"] // "")] | @tsv' 2>/dev/null; } | while IFS="$(printf '\t')" read -r id run_target routed_to; do [ -z "$id" ] && continue; if [ -n "$run_target" ] || [ -n "$routed_to" ]; then if ! err=$(bd update "$id" --assignee "" --status open 2>&1 >/dev/null); then printf 'gc-recovery: on_death release failed for %s: %s\n' "$id" "$err"; fi; else if ! err=$(bd update "$id" --assignee "" --status open --set-metadata 'gc.run_target=worker-pool' 2>&1 >/dev/null); then printf 'gc-recovery: on_death release failed for %s: %s\n' "$id" "$err"; fi; fi; done